// Jest Snapshot v1, https://goo.gl/fbAQLP

exports[`Logo renders properly 1`] = `
<a class="text-3xl font-bold">
  My Profile
</a>
`;
